[toc]

#  Manange Undo tablespace

## 1. 조회

### summary

```sql
# in prompt
SQL> show parameter undo_tablespace;

NAME                                 TYPE        VALUE
------------------------------------ ----------- ------------------------------
undo_tablespace                      string      UNDOTBS1

# in client
select *
  from v$parameter
 where name = 'undo_tablespace';
```

### size 

```sql
select TABLESPACE_NAME, 
       sum(BYTES)/1024/1024 as "BYTES(MB)"
  from dba_data_files
 where TABLESPACE_NAME in (select value
                             from v$parameter
                            where name = 'undo_tablespace')
 group by TABLESPACE_NAME;
 
 TABLESPACE_NAME                 BYTES(MB)
------------------------------ ----------
UNDOTBS1                              335
```

### using undo extent

```sql
# just by tablespace_name
select TABLESPACE_NAME,
       sum(BYTES)/1024/1024 as "bytes(MB)",
       sum(BLOCKS) as "block count"
  from dba_undo_extents
 where TABLESPACE_NAME in (select value
                             from v$parameter
                            where name = 'undo_tablespace')
 group by TABLESPACE_NAME;
 
 TABLESPACE_NAME                 bytes(MB) block count
------------------------------ ---------- -----------
UNDOTBS1                          18.1875        2328
```

### using undo extent by status

```sql
update scott.emp set sal = sal * 1.1;
commit;
update scott.emp set sal = sal * 1.1;

# by tablespace_name, status
select TABLESPACE_NAME,
       STATUS,
       sum(BYTES)/1024/1024 as "bytes(MB)",
       sum(BLOCKS) as "block count"
  from dba_undo_extents
 where TABLESPACE_NAME in (select value
                             from v$parameter
                            where name = 'undo_tablespace')
 group by TABLESPACE_NAME, STATUS;
 
 TABLESPACE_NAME                STATUS     bytes(MB) block count
------------------------------ --------- ---------- -----------
UNDOTBS1                       UNEXPIRED     6.1875         792		-- commit 후 사이즈 증가
UNDOTBS1                       EXPIRED           11        1408		-- commit 후, retention 경과시 사이즈 증가
UNDOTBS1                       ACTIVE             1         128		-- commit 전 사이즈 증가
```

```shell
UNEXPIRED: 트랜잭션 종료되었지만, RETENTION까지 지나지 않은 세그먼트 -> unavailable segment
EXPIRED: 트랜잭션 종료되었지만, RETENTION까지 지난 세그먼트 -> available segment
ACTIVE: 트랜잭션이 종료되지 않은 세그먼트 -> unavailable segment
```

### using undo segment with kill ddl by session

```sql
select s.sid,
       s.serial#,
       s.username,
       r.name "UNDO SEG",
       s2.tablespace_name,
       s2.bytes/1024/1024 "UNDO SEG SIZE(MB)",
       'alter system kill session' ||'  '''|| s.sid ||','|| s.serial# ||''' ;' as "kill_ddl"
  from v$session s,
       v$transaction t,
       v$rollname r,
       dba_segments s2
 where s.taddr=t.addr
   and t.xidusn=r.usn
   and r.name=s2.segment_name
--   and s2.tablespace_name='UNDOTBS1'
   ;
   
       SID    SERIAL# USERNAME UNDO SEG                   TABLESPACE_NAME UNDO SEG SIZE(MB) kill_ddl
---------- ---------- -------- -------------------------- --------------- ----------------- ---------------------------------------
        64       9184 SYSTEM   _SYSSMU2_2387053785$       UNDOTBS1                    2.125 alter system kill session  '64,9184' ;
```

## 2. 용량 관리

### 용량관리 방법(=datafile과 동일)

- [ ] not ASM[^ASM]
- ✅datafile add
- datafile resize
- autoextend on

#### 1. 확인

```sql
select * from dba_tablespaces;
select file_name,
			 tablespace_name,
			 bytes/1024/1024,
       autoextensible
  from dba_data_files
 where TABLESPACE_NAME = 'UNDOTBS1';
 
FILE_NAME                                      TABLESPACE_NAME BYTES/1024/1024 AUTOEXTENSIBLE
---------------------------------------------- --------------- --------------- --------------
/oracle12/app/oracle/oradata/db1/undotbs01.dbf UNDOTBS1        335             YES
```

#### 2. 추가

```sql
-- 1) add✅
alter tablespace undotbs1 add datafile '/oracle12/app/oracle/oradata/db1/undotbs02.dbf' size 10m;
-- 2) resize
alter database datafile add datafile '/oracle12/app/oracle/oradata/db1/undotbs01.dbf' size 350m;
-- 3) autoextend on
alter database datafile '/oracle12/app/oracle/oradata/db1/undotbs01.dbf' autoextend on;
```

#### 3. 확인

```sql
select file_name,
			 tablespace_name,
			 bytes/1024/1024
  from dba_data_files
 where TABLESPACE_NAME = 'UNDOTBS1';
 
FILE_NAME                                      TABLESPACE_NAME BYTES/1024/1024 AUTOEXTENSIBLE
---------------------------------------------- --------------- --------------- --------------
/oracle12/app/oracle/oradata/db1/undotbs01.dbf UNDOTBS1        335             YES
/oracle12/app/oracle/oradata/db1/undotbs02.dbf UNDOTBS1        10              NO
```

### undo tablespace 생성

#### 1. 생성

```sql
create undo tablespace undo1
            datafile '/oracle12/app/oracle/oradata/db1/undo01.dbf' size 10m;
```

#### 2. 확인

```sql
select name, value
  from v$parameter
 where name = 'undo_tablespace';
 
NAME						 VALUE
---------------- ----------
undo_tablespace  UNDOTBS1
```

> default undo만 존재하고, 방금 추가한 undo1은 undo로 조회되지않음.

#### 3. default undo tablespace 변경

> 변경시, 기존 DML은 rollback 처리

```sql
alter system set undo_tablespace = undo1;
```

#### 4. 확인

```sql
select name, value
  from v$parameter
 where name = 'undo_tablespace';
 
NAME						 VALUE
---------------- ----------
undo_tablespace  UNDO1
```

#### 5. undo tablespace 삭제

> default undo는 삭제 불가

```sql
SQL> drop tablespace undo1; -- 사용중이므로 삭제 불가
drop tablespace undo1
*
ERROR at line 1:
ORA-30013: undo tablespace 'UNDO1' is currently in use

SQL> alter system set undo_tablespace = undotbs1;
System altered.

SQL> drop tablespace undo1; -- 미사용중이므로 삭제 가능
Tablespace dropped.
```

## 3. undo와 관련된 parameter 변경

#### 1. 조회

```sql
select *
  from v$parameter
 where name like '%undo%';
```

#### 2. 변경

> `undo_retention`은 글로벌하게 수정
>
> `retention_guarantee`는 테이블스페이스별로 수정

##### undo_retention

```sql
alter system set undo_retention = 600;
```

##### guarantee

```sql
alter tablespace UNDOTBS1 retention guarantee;  -- noguarantee | guarantee
```

#### 3. retention 조회

```sql
select TABLESPACE_NAME,
			 retention
  from dba_tablespaces;

TABLESPACE_NAME                RETENTION
------------------------------ -----------
SYSTEM                         NOT APPLY
SYSAUX                         NOT APPLY
UNDOTBS1                       GUARANTEE
TEMP                           NOT APPLY
USERS                          NOT APPLY
CLASS1                         NOT APPLY
```



## 4. undo tablespace full

#### 1. undo 확인 및 autoextend off

```sql
select file_name,
	   tablespace_name,
	   bytes/1024/1024,
       autoextensible
  from dba_data_files
 where TABLESPACE_NAME like '%UNDO%';
 
alter database datafile '/oracle12/app/oracle/oradata/db1/undotbs01.dbf' autoextend off;
```

#### 2. 테이블 스페이스 상태 및 사용량 확인

```sql
select tablespace_name,
			 status,
			 sum(bytes)/1024/1024 as "BYTES(MB)"
  from dba_undo_extents
 group by tablespace_name, status;
```

#### 3. 다른 세션에서 대용량 DML 발생

```sql
create table undo_test1(a number, b varchar2(10)) tablespace users;

begin
for i in 1..10000000 loop
	insert into undo_test1 values(i, 'AAAA');
end loop;
commit;
```

#### 4. 확인

1. alert log 확인

```shell
tail -f alert_db1.log
```

2. 테이블스페이스 상태 및 사용량 확인

```sql
select tablespace_name,
       status,
       sum(bytes)/1024/1024 as "BYTES(MB)"
  from dba_undo_extents
 group by tablespace_name, status;
--> active가 UNEXPIRED로 바뀜
```

3. 세션별 undo 사용량 확인

```sql
select s.sid,
       s.serial#,
       s.username,
       r.name "UNDO SEG",
       s2.tablespace_name,
       s2.bytes/1024/1024 "UNDO SEG SIZE(MB)",
       'alter system kill session' ||' '''|| s.sid ||','|| s.serial# ||''';' as "kill_ddl"
  from v$session s,
       v$transaction t,
       v$rollname r,
       dba_segments s2
 where s.taddr=t.addr
   and t.xidusn=r.usn
   and r.name=s2.segment_name
--   and s2.tablespace_name='UNDOTBS1'
   ;
```

4. 대용량 dml 발생 테이블 조회

```sql
select * from undo_test1;
-- 아무건도 조회되지 않음 -> 대용량 DML의 rollback
```

## 5. 세션 확인 및 세션 정리 실습

### dml 수행 세션 undo 사용량 확인 및 세션 정리

1. 다른 세션에서 update 수행

```sql
update scott.emp
   set sal = sal / 1.1;
```

2. 세션별 undo 사용량 조회

```sql
select s.sid,
       s.serial#,
       s.username,
       r.name "UNDO SEG",
       s2.tablespace_name,
       s2.bytes/1024/1024 "UNDO SEG SIZE(MB)",
       'alter system kill session' ||' '''|| s.sid ||','|| s.serial# ||''';' as "kill_ddl"
  from v$session s,
       v$transaction t,
       v$rollname r,
       dba_segments s2
 where s.taddr=t.addr
   and t.xidusn=r.usn
   and r.name=s2.segment_name
--   and s2.tablespace_name='UNDOTBS1'
   ;
```

3. session kill(another session)

```sql
SQL> system kill session '64,9184';
```

4. 데이터 및 undo 사용량 조회

```sql
select s.sid,
       s.serial#,
       s.username,
       r.name "UNDO SEG",
       s2.tablespace_name,
       s2.bytes/1024/1024 "UNDO SEG SIZE(MB)",
       'alter system kill session' ||' '''|| s.sid ||','|| s.serial# ||''';' as "kill_ddl"
  from v$session s,
       v$transaction t,
       v$rollname r,
       dba_segments s2
 where s.taddr=t.addr
   and t.xidusn=r.usn
   and r.name=s2.segment_name
--   and s2.tablespace_name='UNDOTBS1'
   ;
```

